// Jest Snapshot v1, https://goo.gl/fbAQLP

exports[`<SingleItem/> should render error 1`] = `
<DocumentFragment>
  <div
    class="ErrorMessage__ErrorStyles-sc-11u5fgj-0 epWlfT"
  >
    <p
      data-testid="graphql-error"
    >
      <strong>
        Shoot!
      </strong>
      Items not found
    </p>
  </div>
</DocumentFragment>
`;
